// 重构日志: f6ba8fa6
// 重构日志: 1f80c942
// 重构日志: 002cda00
// 重构日志: 8dd7e264
// 重构日志: 14158b98
// 同步 ID: d319cc6b @ Thu Jul 16 17:47:36 UTC 2026
// 同步 ID: ec03ef09 @ Fri Jul 17 11:54:27 UTC 2026
// 重构日志: d71b6eef
// 同步 ID: 81d5aaed @ Sat Jul 18 07:13:24 UTC 2026
// 同步 ID: 0c6fa364 @ Sat Jul 18 15:26:19 UTC 2026
// 同步 ID: daabf098 @ Mon Jul 20 11:28:55 UTC 2026
// 同步 ID: f8267a32 @ Tue Jul 21 14:05:09 UTC 2026
// 同步 ID: 748e67dc @ Wed Jul 22 22:32:09 UTC 2026
// 重构日志: 28f5b765
// 重构日志: b7df001c
// 同步 ID: 75ba0bba @ Thu Jul 30 10:42:20 UTC 2026
// 同步 ID: 88e05c88 @ Fri Jul 31 16:07:34 UTC 2026
// 同步 ID: 699fc49d @ Sat Aug  1 20:49:28 UTC 2026
// 重构日志: 7b80422d
// 重构日志: bd459302
// 同步 ID: bc661237 @ Mon Aug  3 22:49:46 UTC 2026
// 同步 ID: 1d3a098a @ Wed Aug  5 03:44:45 UTC 2026
// 同步 ID: b5392e88 @ Thu Aug  6 01:05:54 UTC 2026
// 同步 ID: 130bb2c2 @ Thu Aug  6 03:49:05 UTC 2026
// 重构日志: ffaad628
// 重构日志: 2079e351
// 重构日志: 72fec680
// 重构日志: 8aa34a3f
// 重构日志: cf2c94dd
// 同步 ID: 6ccd69e8 @ Sat Aug  8 05:49:09 UTC 2026
